MPLINK 5.00, LINKER
Linker Map File - Created Thu Sep 15 16:03:35 2016

                                 Section Info
                  Section       Type    Address   Location Size(Bytes)
                ---------  ---------  ---------  ---------  ---------
                   .org_0       code   0x000000    program   0x00002e
                   .cinit    romdata   0x000017    program   0x000004
.config_2007_BUILD/DEFAULT/DEBUG/PRIMER_PIC.O       code   0x002007    program   0x000002
.config_2008_BUILD/DEFAULT/DEBUG/PRIMER_PIC.O       code   0x002008    program   0x000002



                              Program Memory Usage 
                               Start         End      
                           ---------   ---------      
                            0x000000    0x000018      
                            0x002007    0x002008      
            27 out of 8455 program addresses used, program memory utilization is 0%



                              Symbols - Sorted by Name
                     Name    Address   Location    Storage File                     
                ---------  ---------  ---------  --------- ---------                
                    ciclo   0x000002    program     static C:\proyectos micro_c\primerpic\primer_pic.X\primer_pic.asm
                 osc_conf   0x000005    program     static C:\proyectos micro_c\primerpic\primer_pic.X\configuracion.inc
                port_conf   0x00000c    program     static C:\proyectos micro_c\primerpic\primer_pic.X\configuracion.inc



                              Symbols - Sorted by Address
                     Name    Address   Location    Storage File                     
                ---------  ---------  ---------  --------- ---------                
                    ciclo   0x000002    program     static C:\proyectos micro_c\primerpic\primer_pic.X\primer_pic.asm
                 osc_conf   0x000005    program     static C:\proyectos micro_c\primerpic\primer_pic.X\configuracion.inc
                port_conf   0x00000c    program     static C:\proyectos micro_c\primerpic\primer_pic.X\configuracion.inc


